C51 COMPILER V9.59.0.0   18B20                                                             12/28/2022 11:20:02 PAGE 1   


C51 COMPILER V9.59.0.0, COMPILATION OF MODULE 18B20
OBJECT MODULE PLACED IN .\Objects\18b20.obj
COMPILER INVOKED BY: E:\Keil\C51\BIN\C51.EXE 18b20.c OPTIMIZE(8,SPEED) BROWSE DEBUG OBJECTEXTEND PRINT(.\Listings\18b20.
                    -lst) TABS(2) OBJECT(.\Objects\18b20.obj)

line level    source

   1          #include <18b20.h>
   2          #include <delay.h>
   3          
   4          #define uchar unsigned char
   5          #define uint unsigned int
   6          
   7          
   8            
   9          bit init_DS18B20()
  10          {
  11   1        bit dat=0;
  12   1        DQ = 1;    //DQ复位
  13   1        delay_us(5);   //稍做延时
  14   1        DQ = 0;         //单片机将DQ拉低
  15   1        delay_us(200); //精确延时 大于 480us 小于960us
  16   1        delay_us(200);
  17   1        DQ = 1;        //拉高总线
  18   1        delay_us(50); //15~60us 后 接收60-240us的存在脉冲
  19   1        dat=DQ;        //如果dat=0则初始化成功, dat=1则初始化失败
  20   1        delay_us(25); //稍作延时返回
  21   1        return dat;
  22   1      }
  23          
  24          /*------------------------------------------------
  25                              读取一个字节
  26          ------------------------------------------------*/
  27          uchar read_one_char()
  28          {
  29   1        uchar i=0;
  30   1        uchar dat = 0;
  31   1        for (i=8;i>0;i--)
  32   1       {
  33   2          DQ = 0; // 拉低总线
  34   2          dat>>=1; // 每读取数据 循环左移
  35   2          DQ = 1; // 拉高总线
  36   2          if(DQ)
  37   2          dat|=0x80; // 或运算
  38   2          delay_us(25);
  39   2       }
  40   1        return(dat);
  41   1      }
  42          
  43          /*------------------------------------------------
  44                              写入一个字节
  45          ------------------------------------------------*/
  46          void write_one_char(uchar dat)
  47          {
  48   1       uchar i=0;
  49   1       for (i=8;i>0;i--)
  50   1       {
  51   2        DQ = 0;
  52   2        DQ = dat&0x01;
  53   2        delay_us(25);
  54   2        DQ = 1;
C51 COMPILER V9.59.0.0   18B20                                                             12/28/2022 11:20:02 PAGE 2   

  55   2        dat>>=1;
  56   2       }
  57   1      delay_us(25);
  58   1      }
  59          
  60          /*------------------------------------------------
  61                              读取温度
  62          ------------------------------------------------*/
  63          uint read_temperature()
  64          {
  65   1        uchar a=0;
  66   1        uint b=0;
  67   1        uint temp=0;
  68   1        init_DS18B20();
  69   1        write_one_char(0xCC); // 跳过读序号列号的操作
  70   1        write_one_char(0x44); // 启动温度转换
  71   1        delay_ms(10);
  72   1        init_DS18B20();
  73   1        write_one_char(0xCC); //跳过读序号列号的操作 
  74   1        write_one_char(0xBE); //读取温度寄存器等（共可读9个寄存器） 前两个就是温度
  75   1        a=read_one_char();   //低位
  76   1        b=read_one_char();   //高位
  77   1      
  78   1        b<<=8;
  79   1        temp=a+b;
  80   1      
  81   1        return temp;
  82   1      }


MODULE INFORMATION:   STATIC OVERLAYABLE
   CODE SIZE        =    194    ----
   CONSTANT SIZE    =   ----    ----
   XDATA SIZE       =   ----    ----
   PDATA SIZE       =   ----    ----
   DATA SIZE        =   ----       5
   IDATA SIZE       =   ----    ----
   BIT SIZE         =   ----       1
END OF MODULE INFORMATION.


C51 COMPILATION COMPLETE.  0 WARNING(S),  0 ERROR(S)
